interactions:
- request:
    body: null
    headers:
      Accept:
      - '*/*'
      Accept-Encoding:
      - gzip, deflate
      Connection:
      - keep-alive
      User-Agent:
      - pytekdrivecore/0.0.1.alpha
      x-is-ak:
      - TEST_ACCESS_KEY
    method: GET
    uri: https://drive.api.tekcloud.com/folder/8e1a1ad0-d352-4681-b14e-62c7371d6043/members
  response:
    body:
      string: '{"members":[{"id":"7869c0bf-ad79-4e44-a374-ec87294bab9e","username":"thomas+3tekdrive@initialstate.com","permissions":{"owner":false,"creator":false,"read":true,"edit":false}},{"id":"4b0dd6d7-9284-4202-b8e7-213569976c63","username":"thomas+tekdrive@initialstate.com","permissions":{"owner":true,"creator":true,"read":true,"edit":true}}]}'
    headers:
      Connection:
      - keep-alive
      Content-Length:
      - '337'
      Content-Type:
      - application/json; charset=utf-8
      Date:
      - Mon, 08 Feb 2021 16:07:36 GMT
      ETag:
      - W/"151-JAGGZTe/u2H6tWuq4e1Nuen9IGA"
      Vary:
      - Origin
      X-Request-Id:
      - 86fcc672-501c-484b-bc32-03bd3e1a5ffa
    status:
      code: 200
      message: OK
- request:
    body: '{"username": "thomas+4tekdrive@initialstate.com", "permissions": {"read":
      true, "edit": true}}'
    headers:
      Accept:
      - '*/*'
      Accept-Encoding:
      - gzip, deflate
      Connection:
      - keep-alive
      Content-Length:
      - '94'
      Content-Type:
      - application/json
      User-Agent:
      - pytekdrivecore/0.0.1.alpha
      x-is-ak:
      - TEST_ACCESS_KEY
    method: POST
    uri: https://drive.api.tekcloud.com/folder/8e1a1ad0-d352-4681-b14e-62c7371d6043/members
  response:
    body:
      string: '{"id":"634086ae-176b-45d5-b501-4c00a2ad9822","username":"thomas+4tekdrive@initialstate.com","permissions":{"owner":false,"creator":false,"read":true,"edit":true}}'
    headers:
      Connection:
      - keep-alive
      Content-Length:
      - '162'
      Content-Type:
      - application/json; charset=utf-8
      Date:
      - Mon, 08 Feb 2021 16:07:36 GMT
      ETag:
      - W/"a2-JQ2Oo6CnXa6hIUjCyxalMt2YSWs"
      Vary:
      - Origin
      X-Request-Id:
      - 9f2c8b73-6b69-419e-b583-4e023f0fd4a2
    status:
      code: 200
      message: OK
- request:
    body: null
    headers:
      Accept:
      - '*/*'
      Accept-Encoding:
      - gzip, deflate
      Connection:
      - keep-alive
      User-Agent:
      - pytekdrivecore/0.0.1.alpha
      x-is-ak:
      - TEST_ACCESS_KEY
    method: GET
    uri: https://drive.api.tekcloud.com/folder/8e1a1ad0-d352-4681-b14e-62c7371d6043/members
  response:
    body:
      string: '{"members":[{"id":"634086ae-176b-45d5-b501-4c00a2ad9822","username":"thomas+4tekdrive@initialstate.com","permissions":{"owner":false,"creator":false,"read":true,"edit":true}},{"id":"7869c0bf-ad79-4e44-a374-ec87294bab9e","username":"thomas+3tekdrive@initialstate.com","permissions":{"owner":false,"creator":false,"read":true,"edit":false}},{"id":"4b0dd6d7-9284-4202-b8e7-213569976c63","username":"thomas+tekdrive@initialstate.com","permissions":{"owner":true,"creator":true,"read":true,"edit":true}}]}'
    headers:
      Connection:
      - keep-alive
      Content-Length:
      - '500'
      Content-Type:
      - application/json; charset=utf-8
      Date:
      - Mon, 08 Feb 2021 16:07:36 GMT
      ETag:
      - W/"1f4-48c5cOCptd/3naZbcwuXeLGknjY"
      Vary:
      - Origin
      X-Request-Id:
      - 3a118921-5ba4-4268-b0be-6450b134bff9
    status:
      code: 200
      message: OK
version: 1
