interactions:
- request:
    body: null
    headers:
      Accept:
      - '*/*'
      Accept-Encoding:
      - gzip, deflate
      Connection:
      - keep-alive
      User-Agent:
      - pytekdrivecore/0.0.1.alpha
      x-is-ak:
      - TEST_ACCESS_KEY
    method: GET
    uri: https://drive.api.tekcloud.com/folder/8e1a1ad0-d352-4681-b14e-62c7371d6043/members
  response:
    body:
      string: '{"members":[{"id":"4b0dd6d7-9284-4202-b8e7-213569976c63","username":"thomas+tekdrive@initialstate.com","permissions":{"owner":true,"creator":true,"read":true,"edit":true}}]}'
    headers:
      Connection:
      - keep-alive
      Content-Length:
      - '173'
      Content-Type:
      - application/json; charset=utf-8
      Date:
      - Mon, 08 Feb 2021 16:04:54 GMT
      ETag:
      - W/"ad-Kg2xv4gisKCQAWnyxMNaZWrRzyQ"
      Vary:
      - Origin
      X-Request-Id:
      - 69598fde-7810-4edc-b552-d18560b36c5e
    status:
      code: 200
      message: OK
- request:
    body: '{"username": "thomas+3tekdrive@initialstate.com", "permissions": {"read":
      true, "edit": false}}'
    headers:
      Accept:
      - '*/*'
      Accept-Encoding:
      - gzip, deflate
      Connection:
      - keep-alive
      Content-Length:
      - '95'
      Content-Type:
      - application/json
      User-Agent:
      - pytekdrivecore/0.0.1.alpha
      x-is-ak:
      - TEST_ACCESS_KEY
    method: POST
    uri: https://drive.api.tekcloud.com/folder/8e1a1ad0-d352-4681-b14e-62c7371d6043/members
  response:
    body:
      string: '{"id":"7869c0bf-ad79-4e44-a374-ec87294bab9e","username":"thomas+3tekdrive@initialstate.com","permissions":{"owner":false,"creator":false,"read":true,"edit":false}}'
    headers:
      Connection:
      - keep-alive
      Content-Length:
      - '163'
      Content-Type:
      - application/json; charset=utf-8
      Date:
      - Mon, 08 Feb 2021 16:04:54 GMT
      ETag:
      - W/"a3-FP9IlVQK+FYsu36OJ24jwq+dqak"
      Vary:
      - Origin
      X-Request-Id:
      - 83d5a0e8-7486-4a21-a6cb-7811d167205f
    status:
      code: 200
      message: OK
- request:
    body: null
    headers:
      Accept:
      - '*/*'
      Accept-Encoding:
      - gzip, deflate
      Connection:
      - keep-alive
      User-Agent:
      - pytekdrivecore/0.0.1.alpha
      x-is-ak:
      - TEST_ACCESS_KEY
    method: GET
    uri: https://drive.api.tekcloud.com/folder/8e1a1ad0-d352-4681-b14e-62c7371d6043/members
  response:
    body:
      string: '{"members":[{"id":"7869c0bf-ad79-4e44-a374-ec87294bab9e","username":"thomas+3tekdrive@initialstate.com","permissions":{"owner":false,"creator":false,"read":true,"edit":false}},{"id":"4b0dd6d7-9284-4202-b8e7-213569976c63","username":"thomas+tekdrive@initialstate.com","permissions":{"owner":true,"creator":true,"read":true,"edit":true}}]}'
    headers:
      Connection:
      - keep-alive
      Content-Length:
      - '337'
      Content-Type:
      - application/json; charset=utf-8
      Date:
      - Mon, 08 Feb 2021 16:04:54 GMT
      ETag:
      - W/"151-JAGGZTe/u2H6tWuq4e1Nuen9IGA"
      Vary:
      - Origin
      X-Request-Id:
      - 438df045-d10e-4f79-a3e6-f39feddcb1a8
    status:
      code: 200
      message: OK
version: 1
